// Jest Snapshot v1, https://goo.gl/fbAQLP

exports[`<GifItem> Match con el snapshot 1`] = `
<div>
  <div
    class="card"
  >
    <img
      alt="Saitama"
      src="https://one-punch/"
    />
    <p>
      Saitama
    </p>
  </div>
</div>
`;
